strings: '/home/max/.cache/swww/eDP-1': No such file
ln: failed to create symbolic link '/home/max/.cache/swww/current' -> '': No such file or directory
usage: wal [-h] [-a "alpha"] [-b background] [--backend [backend]]
           [--theme [/path/to/file or theme_name]] [--iterative]
           [--saturate 0.0-1.0] [--preview] [--vte] [-c]
           [-i "/path/to/img.jpg"] [-l] [-n] [-o "script_name"] [-q] [-r] [-R]
           [-s] [-t] [-v] [-e]
wal: error: No input specified.
--backend, --theme, -i or -R are required.
strings: '/home/max/.cache/swww/eDP-1': No such file
strings: '/home/max/.cache/swww/eDP-1': No such file
strings: '/home/max/.cache/swww/eDP-1': No such file
strings: '/home/max/.cache/swww/eDP-1': No such file
strings: '/home/max/.cache/swww/eDP-1': No such file
strings: '/home/max/.cache/swww/eDP-1': No such file
strings: '/home/max/.cache/swww/eDP-1': No such file
strings: '/home/max/.cache/swww/eDP-1': No such file
strings: '/home/max/.cache/swww/eDP-1': No such file
strings: '/home/max/.cache/swww/eDP-1': No such file
strings: '/home/max/.cache/swww/eDP-1': No such file
strings: '/home/max/.cache/swww/eDP-1': No such file
strings: '/home/max/.cache/swww/eDP-1': No such file
strings: '/home/max/.cache/swww/eDP-1': No such file
strings: '/home/max/.cache/swww/eDP-1': No such file
strings: '/home/max/.cache/swww/eDP-1': No such file
strings: '/home/max/.cache/swww/eDP-1': No such file
strings: '/home/max/.cache/swww/eDP-1': No such file
strings: '/home/max/.cache/swww/eDP-1': No such file
strings: '/home/max/.cache/swww/eDP-1': No such file
strings: '/home/max/.cache/swww/eDP-1': No such file
strings: '/home/max/.cache/swww/eDP-1': No such file
strings: '/home/max/.cache/swww/eDP-1': No such file
strings: '/home/max/.cache/swww/eDP-1': No such file
strings: '/home/max/.cache/swww/eDP-1': No such file
strings: '/home/max/.cache/swww/eDP-1': No such file
strings: '/home/max/.cache/swww/eDP-1': No such file
strings: '/home/max/.cache/swww/eDP-1': No such file
strings: '/home/max/.cache/swww/eDP-1': No such file
strings: '/home/max/.cache/swww/eDP-1': No such file
strings: '/home/max/.cache/swww/eDP-1': No such file
strings: '/home/max/.cache/swww/eDP-1': No such file
strings: '/home/max/.cache/swww/eDP-1': No such file
strings: '/home/max/.cache/swww/eDP-1': No such file
strings: '/home/max/.cache/swww/eDP-1': No such file
strings: '/home/max/.cache/swww/eDP-1': No such file
strings: '/home/max/.cache/swww/eDP-1': No such file
strings: '/home/max/.cache/swww/eDP-1': No such file
strings: '/home/max/.cache/swww/eDP-1': No such file
strings: '/home/max/.cache/swww/eDP-1': No such file
strings: '/home/max/.cache/swww/eDP-1': No such file
strings: '/home/max/.cache/swww/eDP-1': No such file
strings: '/home/max/.cache/swww/eDP-1': No such file
strings: '/home/max/.cache/swww/eDP-1': No such file
strings: '/home/max/.cache/swww/eDP-1': No such file
strings: '/home/max/.cache/swww/eDP-1': No such file
strings: '/home/max/.cache/swww/eDP-1': No such file
strings: '/home/max/.cache/swww/eDP-1': No such file
strings: '/home/max/.cache/swww/eDP-1': No such file
strings: '/home/max/.cache/swww/eDP-1': No such file
[[1;32mI[0m] [1;31mimage[0m: Using image [1;37m七人の侍-4K.jpg[0m.
[[1;32mI[0m] [1;31mcolors[0m: Generating a colorscheme.
[[1;32mI[0m] [1;31mcolors[0m: Using wal backend.
WARNING: The convert command is deprecated in IMv7, use "magick" instead of "convert" or "magick convert"

[[1;33mW[0m] [1;31mwal[0m: Imagemagick couldn't generate a palette.
[[1;33mW[0m] [1;31mwal[0m: Trying a larger palette size 16
WARNING: The convert command is deprecated in IMv7, use "magick" instead of "convert" or "magick convert"

[[1;32mI[0m] [1;31mcolors[0m: Generation complete.
[[1;32mI[0m] [1;31mwallpaper[0m: Set the new wallpaper.
[[1;32mI[0m] [1;31msequences[0m: Set terminal colors.
[[1;32mI[0m] [1;31mexport[0m: Exported all files.
[[1;32mI[0m] [1;31mexport[0m: Exported all user files.
[[1;32mI[0m] [1;31mreload[0m: Reloaded environment.
[[1;33mW[0m] [1;31mreload[0m: GTK2 reload support requires Python 2.
ln: /home/max/.cache/swww/current/b+w: cannot overwrite directory
[[1;32mI[0m] [1;31mimage[0m: Using image [1;37mastronaut-1080p.jpg[0m.
[[1;32mI[0m] [1;31mcolors[0m: Generating a colorscheme.
[[1;32mI[0m] [1;31mcolors[0m: Using wal backend.
WARNING: The convert command is deprecated in IMv7, use "magick" instead of "convert" or "magick convert"

[[1;32mI[0m] [1;31mcolors[0m: Generation complete.
[[1;32mI[0m] [1;31mwallpaper[0m: Set the new wallpaper.
[[1;32mI[0m] [1;31msequences[0m: Set terminal colors.
[[1;32mI[0m] [1;31mexport[0m: Exported all files.
[[1;32mI[0m] [1;31mexport[0m: Exported all user files.
[[1;32mI[0m] [1;31mreload[0m: Reloaded environment.
[[1;33mW[0m] [1;31mreload[0m: GTK2 reload support requires Python 2.
ln: /home/max/.cache/swww/current/Wallpapers: cannot overwrite directory
[[1;32mI[0m] [1;31mimage[0m: Using image [1;37mgrand-tour.jpeg[0m.
[[1;32mI[0m] [1;31mcolors[0m: Generating a colorscheme.
[[1;32mI[0m] [1;31mcolors[0m: Using wal backend.
WARNING: The convert command is deprecated in IMv7, use "magick" instead of "convert" or "magick convert"

[[1;32mI[0m] [1;31mcolors[0m: Generation complete.
[[1;32mI[0m] [1;31mwallpaper[0m: Set the new wallpaper.
[[1;32mI[0m] [1;31msequences[0m: Set terminal colors.
[[1;32mI[0m] [1;31mexport[0m: Exported all files.
[[1;32mI[0m] [1;31mexport[0m: Exported all user files.
[[1;32mI[0m] [1;31mreload[0m: Reloaded environment.
[[1;33mW[0m] [1;31mreload[0m: GTK2 reload support requires Python 2.
ln: /home/max/.cache/swww/current/b+w: cannot overwrite directory
[[1;32mI[0m] [1;31mimage[0m: Using image [1;37m七人の侍.jpg[0m.
[[1;32mI[0m] [1;31mtheme[0m: Set theme to [1;37m_home_max_Pictures_Wallpapers_b+w_七人の侍_jpg_dark_None_None_1.1.0.json[0m.
[[1;32mI[0m] [1;31mcolors[0m: Found cached colorscheme.
[[1;32mI[0m] [1;31mwallpaper[0m: Set the new wallpaper.
[[1;32mI[0m] [1;31msequences[0m: Set terminal colors.
[[1;32mI[0m] [1;31mexport[0m: Exported all files.
[[1;32mI[0m] [1;31mexport[0m: Exported all user files.
[[1;32mI[0m] [1;31mreload[0m: Reloaded environment.
[[1;33mW[0m] [1;31mreload[0m: GTK2 reload support requires Python 2.
ln: '/home/max/Pictures/Wallpapers/astronaut-1080p.jpg' and '/home/max/.cache/swww/current/astronaut-1080p.jpg' are the same file
ln: /home/max/.cache/swww/current/b+w: cannot overwrite directory
[[1;32mI[0m] [1;31mimage[0m: Using image [1;37mcenter-milky-way-1080p.jpg[0m.
[[1;32mI[0m] [1;31mcolors[0m: Generating a colorscheme.
[[1;32mI[0m] [1;31mcolors[0m: Using wal backend.
WARNING: The convert command is deprecated in IMv7, use "magick" instead of "convert" or "magick convert"

[[1;32mI[0m] [1;31mcolors[0m: Generation complete.
[[1;32mI[0m] [1;31mwallpaper[0m: Set the new wallpaper.
[[1;32mI[0m] [1;31msequences[0m: Set terminal colors.
[[1;32mI[0m] [1;31mexport[0m: Exported all files.
[[1;32mI[0m] [1;31mexport[0m: Exported all user files.
[[1;32mI[0m] [1;31mreload[0m: Reloaded environment.
[[1;33mW[0m] [1;31mreload[0m: GTK2 reload support requires Python 2.
ln: '/home/max/Pictures/Wallpapers/astronaut-1080p.jpg' and '/home/max/.cache/swww/current/astronaut-1080p.jpg' are the same file
[[1;32mI[0m] [1;31mimage[0m: Using image [1;37mastronaut-1080p.jpg[0m.
[[1;32mI[0m] [1;31mtheme[0m: Set theme to [1;37m_home_max_Pictures_Wallpapers_astronaut-1080p_jpg_dark_None_None_1.1.0.json[0m.
[[1;32mI[0m] [1;31mcolors[0m: Found cached colorscheme.
[[1;32mI[0m] [1;31mwallpaper[0m: Set the new wallpaper.
[[1;32mI[0m] [1;31msequences[0m: Set terminal colors.
[[1;32mI[0m] [1;31mexport[0m: Exported all files.
[[1;32mI[0m] [1;31mexport[0m: Exported all user files.
[[1;32mI[0m] [1;31mreload[0m: Reloaded environment.
[[1;33mW[0m] [1;31mreload[0m: GTK2 reload support requires Python 2.
ln: /home/max/.cache/swww/current/b+w: cannot overwrite directory
[[1;32mI[0m] [1;31mimage[0m: Using image [1;37mcowboy-bebop-pulp-fiction.jpg[0m.
[[1;32mI[0m] [1;31mtheme[0m: Set theme to [1;37m_home_max_Pictures_Wallpapers_b+w_cowboy-bebop-pulp-fiction_jpg_dark_None_None_1.1.0.json[0m.
[[1;32mI[0m] [1;31mcolors[0m: Found cached colorscheme.
[[1;32mI[0m] [1;31mwallpaper[0m: Set the new wallpaper.
[[1;32mI[0m] [1;31msequences[0m: Set terminal colors.
[[1;32mI[0m] [1;31mexport[0m: Exported all files.
[[1;32mI[0m] [1;31mexport[0m: Exported all user files.
[[1;32mI[0m] [1;31mreload[0m: Reloaded environment.
[[1;33mW[0m] [1;31mreload[0m: GTK2 reload support requires Python 2.
ln: '/home/max/Pictures/Wallpapers/astronaut-1080p.jpg' and '/home/max/.cache/swww/current/astronaut-1080p.jpg' are the same file
ln: /home/max/.cache/swww/current/b+w: cannot overwrite directory
[[1;32mI[0m] [1;31mimage[0m: Using image [1;37mcenter-milky-way-1080p.jpg[0m.
[[1;32mI[0m] [1;31mtheme[0m: Set theme to [1;37m_home_max_Pictures_Wallpapers_b+w_center-milky-way-1080p_jpg_dark_None_None_1.1.0.json[0m.
[[1;32mI[0m] [1;31mcolors[0m: Found cached colorscheme.
[[1;32mI[0m] [1;31mwallpaper[0m: Set the new wallpaper.
[[1;32mI[0m] [1;31msequences[0m: Set terminal colors.
[[1;32mI[0m] [1;31mexport[0m: Exported all files.
[[1;32mI[0m] [1;31mexport[0m: Exported all user files.
[[1;32mI[0m] [1;31mreload[0m: Reloaded environment.
[[1;33mW[0m] [1;31mreload[0m: GTK2 reload support requires Python 2.
ln: '/home/max/Pictures/Wallpapers/astronaut-1080p.jpg' and '/home/max/.cache/swww/current/astronaut-1080p.jpg' are the same file
[[1;32mI[0m] [1;31mimage[0m: Using image [1;37mastronaut-1080p.jpg[0m.
[[1;32mI[0m] [1;31mtheme[0m: Set theme to [1;37m_home_max_Pictures_Wallpapers_astronaut-1080p_jpg_dark_None_None_1.1.0.json[0m.
[[1;32mI[0m] [1;31mcolors[0m: Found cached colorscheme.
[[1;32mI[0m] [1;31mwallpaper[0m: Set the new wallpaper.
[[1;32mI[0m] [1;31msequences[0m: Set terminal colors.
[[1;32mI[0m] [1;31mexport[0m: Exported all files.
[[1;32mI[0m] [1;31mexport[0m: Exported all user files.
[[1;32mI[0m] [1;31mreload[0m: Reloaded environment.
[[1;33mW[0m] [1;31mreload[0m: GTK2 reload support requires Python 2.
ln: /home/max/.cache/swww/current/b+w: cannot overwrite directory
[[1;32mI[0m] [1;31mimage[0m: Using image [1;37m七人の侍-enlarged-1080p.jpg[0m.
[[1;32mI[0m] [1;31mcolors[0m: Generating a colorscheme.
[[1;32mI[0m] [1;31mcolors[0m: Using wal backend.
WARNING: The convert command is deprecated in IMv7, use "magick" instead of "convert" or "magick convert"

[[1;33mW[0m] [1;31mwal[0m: Imagemagick couldn't generate a palette.
[[1;33mW[0m] [1;31mwal[0m: Trying a larger palette size 16
WARNING: The convert command is deprecated in IMv7, use "magick" instead of "convert" or "magick convert"

[[1;32mI[0m] [1;31mcolors[0m: Generation complete.
[[1;32mI[0m] [1;31mwallpaper[0m: Set the new wallpaper.
[[1;32mI[0m] [1;31msequences[0m: Set terminal colors.
[[1;32mI[0m] [1;31mexport[0m: Exported all files.
[[1;32mI[0m] [1;31mexport[0m: Exported all user files.
[[1;32mI[0m] [1;31mreload[0m: Reloaded environment.
[[1;33mW[0m] [1;31mreload[0m: GTK2 reload support requires Python 2.
ln: '/home/max/Pictures/Wallpapers/astronaut-1080p.jpg' and '/home/max/.cache/swww/current/astronaut-1080p.jpg' are the same file
[[1;32mI[0m] [1;31mimage[0m: Using image [1;37mastronaut-1080p.jpg[0m.
[[1;32mI[0m] [1;31mtheme[0m: Set theme to [1;37m_home_max_Pictures_Wallpapers_astronaut-1080p_jpg_dark_None_None_1.1.0.json[0m.
[[1;32mI[0m] [1;31mcolors[0m: Found cached colorscheme.
[[1;32mI[0m] [1;31mwallpaper[0m: Set the new wallpaper.
[[1;32mI[0m] [1;31msequences[0m: Set terminal colors.
[[1;32mI[0m] [1;31mexport[0m: Exported all files.
[[1;32mI[0m] [1;31mexport[0m: Exported all user files.
[[1;32mI[0m] [1;31mreload[0m: Reloaded environment.
[[1;33mW[0m] [1;31mreload[0m: GTK2 reload support requires Python 2.
ln: /home/max/.cache/swww/current/b+w: cannot overwrite directory
[[1;32mI[0m] [1;31mimage[0m: Using image [1;37m七人の侍.jpg[0m.
[[1;32mI[0m] [1;31mtheme[0m: Set theme to [1;37m_home_max_Pictures_Wallpapers_b+w_七人の侍_jpg_dark_None_None_1.1.0.json[0m.
[[1;32mI[0m] [1;31mcolors[0m: Found cached colorscheme.
[[1;32mI[0m] [1;31mwallpaper[0m: Set the new wallpaper.
[[1;32mI[0m] [1;31msequences[0m: Set terminal colors.
[[1;32mI[0m] [1;31mexport[0m: Exported all files.
[[1;32mI[0m] [1;31mexport[0m: Exported all user files.
[[1;32mI[0m] [1;31mreload[0m: Reloaded environment.
[[1;33mW[0m] [1;31mreload[0m: GTK2 reload support requires Python 2.
ln: '/home/max/Pictures/Wallpapers/astronaut-1080p.jpg' and '/home/max/.cache/swww/current/astronaut-1080p.jpg' are the same file
[[1;32mI[0m] [1;31mimage[0m: Using image [1;37mastronaut-1080p.jpg[0m.
[[1;32mI[0m] [1;31mtheme[0m: Set theme to [1;37m_home_max_Pictures_Wallpapers_astronaut-1080p_jpg_dark_None_None_1.1.0.json[0m.
[[1;32mI[0m] [1;31mcolors[0m: Found cached colorscheme.
[[1;32mI[0m] [1;31mwallpaper[0m: Set the new wallpaper.
[[1;32mI[0m] [1;31msequences[0m: Set terminal colors.
[[1;32mI[0m] [1;31mexport[0m: Exported all files.
[[1;32mI[0m] [1;31mexport[0m: Exported all user files.
[[1;32mI[0m] [1;31mreload[0m: Reloaded environment.
[[1;33mW[0m] [1;31mreload[0m: GTK2 reload support requires Python 2.
ln: /home/max/.cache/swww/current/b+w: cannot overwrite directory
[[1;32mI[0m] [1;31mimage[0m: Using image [1;37mcenter-milky-way-1080p.jpg[0m.
[[1;32mI[0m] [1;31mtheme[0m: Set theme to [1;37m_home_max_Pictures_Wallpapers_b+w_center-milky-way-1080p_jpg_dark_None_None_1.1.0.json[0m.
[[1;32mI[0m] [1;31mcolors[0m: Found cached colorscheme.
[[1;32mI[0m] [1;31mwallpaper[0m: Set the new wallpaper.
[[1;32mI[0m] [1;31msequences[0m: Set terminal colors.
[[1;32mI[0m] [1;31mexport[0m: Exported all files.
[[1;32mI[0m] [1;31mexport[0m: Exported all user files.
[[1;32mI[0m] [1;31mreload[0m: Reloaded environment.
[[1;33mW[0m] [1;31mreload[0m: GTK2 reload support requires Python 2.
ln: '/home/max/Pictures/Wallpapers/astronaut-1080p.jpg' and '/home/max/.cache/swww/current/astronaut-1080p.jpg' are the same file
[[1;32mI[0m] [1;31mimage[0m: Using image [1;37mastronaut-1080p.jpg[0m.
[[1;32mI[0m] [1;31mtheme[0m: Set theme to [1;37m_home_max_Pictures_Wallpapers_astronaut-1080p_jpg_dark_None_None_1.1.0.json[0m.
[[1;32mI[0m] [1;31mcolors[0m: Found cached colorscheme.
[[1;32mI[0m] [1;31mwallpaper[0m: Set the new wallpaper.
[[1;32mI[0m] [1;31msequences[0m: Set terminal colors.
[[1;32mI[0m] [1;31mexport[0m: Exported all files.
[[1;32mI[0m] [1;31mexport[0m: Exported all user files.
[[1;32mI[0m] [1;31mreload[0m: Reloaded environment.
[[1;33mW[0m] [1;31mreload[0m: GTK2 reload support requires Python 2.
ln: /home/max/.cache/swww/current/b+w: cannot overwrite directory
[[1;32mI[0m] [1;31mimage[0m: Using image [1;37mastronaut-1080p-slightly-darker.jpg[0m.
[[1;32mI[0m] [1;31mcolors[0m: Generating a colorscheme.
[[1;32mI[0m] [1;31mcolors[0m: Using wal backend.
WARNING: The convert command is deprecated in IMv7, use "magick" instead of "convert" or "magick convert"

[[1;32mI[0m] [1;31mcolors[0m: Generation complete.
[[1;32mI[0m] [1;31mwallpaper[0m: Set the new wallpaper.
[[1;32mI[0m] [1;31msequences[0m: Set terminal colors.
[[1;32mI[0m] [1;31mexport[0m: Exported all files.
[[1;32mI[0m] [1;31mexport[0m: Exported all user files.
[[1;32mI[0m] [1;31mreload[0m: Reloaded environment.
[[1;33mW[0m] [1;31mreload[0m: GTK2 reload support requires Python 2.
ln: '/home/max/Pictures/Wallpapers/astronaut-1080p.jpg' and '/home/max/.cache/swww/current/astronaut-1080p.jpg' are the same file
[[1;32mI[0m] [1;31mimage[0m: Using image [1;37mastronaut-1080p.jpg[0m.
[[1;32mI[0m] [1;31mtheme[0m: Set theme to [1;37m_home_max_Pictures_Wallpapers_astronaut-1080p_jpg_dark_None_None_1.1.0.json[0m.
[[1;32mI[0m] [1;31mcolors[0m: Found cached colorscheme.
[[1;32mI[0m] [1;31mwallpaper[0m: Set the new wallpaper.
[[1;32mI[0m] [1;31msequences[0m: Set terminal colors.
[[1;32mI[0m] [1;31mexport[0m: Exported all files.
[[1;32mI[0m] [1;31mexport[0m: Exported all user files.
[[1;32mI[0m] [1;31mreload[0m: Reloaded environment.
[[1;33mW[0m] [1;31mreload[0m: GTK2 reload support requires Python 2.
ln: '/home/max/Pictures/Wallpapers/seven-samurai-enlarged-1080p.jpg' and '/home/max/.cache/swww/current/seven-samurai-enlarged-1080p.jpg' are the same file
[[1;32mI[0m] [1;31mimage[0m: Using image [1;37mseven-samurai-enlarged-1080p.jpg[0m.
[[1;32mI[0m] [1;31mcolors[0m: Generating a colorscheme.
[[1;32mI[0m] [1;31mcolors[0m: Using wal backend.
WARNING: The convert command is deprecated in IMv7, use "magick" instead of "convert" or "magick convert"

[[1;33mW[0m] [1;31mwal[0m: Imagemagick couldn't generate a palette.
[[1;33mW[0m] [1;31mwal[0m: Trying a larger palette size 16
WARNING: The convert command is deprecated in IMv7, use "magick" instead of "convert" or "magick convert"

[[1;33mW[0m] [1;31mwal[0m: Imagemagick couldn't generate a palette.
[[1;33mW[0m] [1;31mwal[0m: Trying a larger palette size 17
WARNING: The convert command is deprecated in IMv7, use "magick" instead of "convert" or "magick convert"

[[1;32mI[0m] [1;31mcolors[0m: Generation complete.
[[1;32mI[0m] [1;31mwallpaper[0m: Set the new wallpaper.
[[1;32mI[0m] [1;31msequences[0m: Set terminal colors.
[[1;32mI[0m] [1;31mexport[0m: Exported all files.
[[1;32mI[0m] [1;31mexport[0m: Exported all user files.
[[1;32mI[0m] [1;31mreload[0m: Reloaded environment.
[[1;33mW[0m] [1;31mreload[0m: GTK2 reload support requires Python 2.
ln: '/home/max/Pictures/Wallpapers/seven-samurai-enlarged-1080p.jpg' and '/home/max/.cache/swww/current/seven-samurai-enlarged-1080p.jpg' are the same file
[[1;32mI[0m] [1;31mimage[0m: Using image [1;37mastronaut-1080p.jpg[0m.
[[1;32mI[0m] [1;31mtheme[0m: Set theme to [1;37m_home_max_Pictures_Wallpapers_astronaut-1080p_jpg_dark_None_None_1.1.0.json[0m.
[[1;32mI[0m] [1;31mcolors[0m: Found cached colorscheme.
[[1;32mI[0m] [1;31mwallpaper[0m: Set the new wallpaper.
[[1;32mI[0m] [1;31msequences[0m: Set terminal colors.
[[1;32mI[0m] [1;31mexport[0m: Exported all files.
[[1;32mI[0m] [1;31mexport[0m: Exported all user files.
[[1;32mI[0m] [1;31mreload[0m: Reloaded environment.
[[1;33mW[0m] [1;31mreload[0m: GTK2 reload support requires Python 2.
[[1;32mI[0m] [1;31mimage[0m: Using image [1;37mseven-samurai-enlarged-1080p.jpg[0m.
[[1;32mI[0m] [1;31mtheme[0m: Set theme to [1;37m_home_max_Pictures_Wallpapers_seven-samurai-enlarged-1080p_jpg_dark_None_None_1.1.0.json[0m.
[[1;32mI[0m] [1;31mcolors[0m: Found cached colorscheme.
[[1;32mI[0m] [1;31mwallpaper[0m: Set the new wallpaper.
[[1;32mI[0m] [1;31msequences[0m: Set terminal colors.
[[1;32mI[0m] [1;31mexport[0m: Exported all files.
[[1;32mI[0m] [1;31mexport[0m: Exported all user files.
[[1;32mI[0m] [1;31mreload[0m: Reloaded environment.
[[1;33mW[0m] [1;31mreload[0m: GTK2 reload support requires Python 2.
[[1;32mI[0m] [1;31mimage[0m: Using image [1;37mroman-legion.jpg[0m.
[[1;32mI[0m] [1;31mtheme[0m: Set theme to [1;37m_home_max_Pictures_Wallpapers_roman-legion_jpg_dark_None_None_1.1.0.json[0m.
[[1;32mI[0m] [1;31mcolors[0m: Found cached colorscheme.
[[1;32mI[0m] [1;31mwallpaper[0m: Set the new wallpaper.
[[1;32mI[0m] [1;31msequences[0m: Set terminal colors.
[[1;32mI[0m] [1;31mexport[0m: Exported all files.
[[1;32mI[0m] [1;31mexport[0m: Exported all user files.
[[1;32mI[0m] [1;31mreload[0m: Reloaded environment.
[[1;33mW[0m] [1;31mreload[0m: GTK2 reload support requires Python 2.
[[1;32mI[0m] [1;31mimage[0m: Using image [1;37msignificant-other.jpg[0m.
[[1;32mI[0m] [1;31mtheme[0m: Set theme to [1;37m_home_max_Pictures_Wallpapers_significant-other_jpg_dark_None_None_1.1.0.json[0m.
[[1;32mI[0m] [1;31mcolors[0m: Found cached colorscheme.
[[1;32mI[0m] [1;31mwallpaper[0m: Set the new wallpaper.
[[1;32mI[0m] [1;31msequences[0m: Set terminal colors.
[[1;32mI[0m] [1;31mexport[0m: Exported all files.
[[1;32mI[0m] [1;31mexport[0m: Exported all user files.
[[1;32mI[0m] [1;31mreload[0m: Reloaded environment.
[[1;33mW[0m] [1;31mreload[0m: GTK2 reload support requires Python 2.
